Hello from native bindings. data: "test" | zero_copy: {"some":"data"}
test
